=== 2026-10-05T06:06:34Z gemma4:12b-it-qat mdn
=== 2026-10-05T06:12:53Z gemma4:12b-it-qat mdn
[2/129] fastapi_15588 R@5=0.0 calls=9 tools=8 stop=budget 138.9s
[3/129] fastapi_15589 R@5=0.0 calls=9 tools=8 stop=budget 149.3s
[4/129] fastapi_15030 R@5=0.0 calls=9 tools=8 stop=budget 182.2s
[5/129] fastapi_14962 R@5=0.0 calls=9 tools=8 stop=budget 202.4s
[6/129] fastapi_15280 R@5=0.0 calls=9 tools=8 stop=budget 176.5s
[7/129] fastapi_14964 R@5=1.0 calls=9 tools=8 stop=budget 165.1s
[8/129] fastapi_15023 R@5=0.0 calls=9 tools=8 stop=budget 235.4s
[9/129] fastapi_14986 R@5=1.0 calls=9 tools=8 stop=budget 279.4s
[10/129] fastapi_14978 R@5=0.0 calls=9 tools=8 stop=budget 165.3s
[11/129] requests_7505 R@5=0.6666666666666666 calls=9 tools=8 stop=budget 194.0s
[12/129] requests_7502 R@5=1.0 calls=9 tools=8 stop=budget 265.9s
[13/129] requests_7433 R@5=1.0 calls=3 tools=2 stop=final 56.5s
[14/129] requests_7427 R@5=1.0 calls=9 tools=8 stop=budget 260.5s
[15/129] requests_7315 R@5=1.0 calls=9 tools=8 stop=final 278.0s
[16/129] requests_7328 R@5=0.0 calls=9 tools=8 stop=budget 228.8s
[17/129] requests_7309 R@5=1.0 calls=6 tools=5 stop=final 79.7s
[18/129] requests_7205 R@5=1.0 calls=9 tools=8 stop=budget 214.0s
[19/129] rich_4070 R@5=0.11764705882352941 calls=9 tools=8 stop=budget 457.9s
[20/129] rich_4077 R@5=0.0 calls=9 tools=8 stop=budget 205.1s
[21/129] rich_4079 R@5=0.0 calls=9 tools=8 stop=budget 305.6s
[22/129] rich_4076 R@5=0.0 calls=9 tools=8 stop=budget 159.9s
[23/129] rich_4075 R@5=0.0 calls=9 tools=8 stop=budget 194.2s
[24/129] rich_4006 R@5=0.0 calls=9 tools=8 stop=budget 188.4s
[25/129] fastapi_14258 R@5=0.0 calls=9 tools=8 stop=budget 226.3s
[26/129] fastapi_14851 R@5=0.5 calls=9 tools=8 stop=budget 238.3s
[27/129] fastapi_14873 R@5=1.0 calls=9 tools=8 stop=budget 301.7s
[28/129] fastapi_13920 R@5=0.0 calls=9 tools=8 stop=budget 84.4s
[29/129] fastapi_14794 R@5=1.0 calls=9 tools=8 stop=budget 280.6s
[30/129] fastapi_14786 R@5=0.0 calls=9 tools=8 stop=budget 182.8s
[32/129] fastapi_14479 R@5=1.0 calls=9 tools=8 stop=budget 360.0s
[33/129] fastapi_14463 R@5=0.0 calls=9 tools=8 stop=budget 344.7s
[34/129] fastapi_12942 R@5=0.0 calls=9 tools=8 stop=budget 229.9s
[35/129] fastapi_14099 R@5=0.6666666666666666 calls=9 tools=8 stop=budget 148.7s
[36/129] fastapi_14609 R@5=0.00847457627118644 calls=9 tools=8 stop=budget 232.8s
[37/129] fastapi_14372 R@5=0.0 calls=9 tools=8 stop=budget 160.9s
[38/129] fastapi_14349 R@5=0.0 calls=9 tools=8 stop=budget 187.9s
[39/129] fastapi_14512 R@5=0.0 calls=9 tools=8 stop=budget 214.0s
[40/129] fastapi_14487 R@5=0.0 calls=9 tools=8 stop=budget 148.7s
[41/129] fastapi_11355 R@5=0.0 calls=9 tools=8 stop=budget 183.9s
[42/129] fastapi_14485 R@5=0.0 calls=9 tools=8 stop=budget 143.9s
[43/129] fastapi_14482 R@5=0.0 calls=9 tools=8 stop=budget 162.0s
[44/129] fastapi_14306 R@5=0.0 calls=9 tools=8 stop=budget 165.1s
[45/129] fastapi_14458 R@5=1.0 calls=9 tools=8 stop=final 177.3s
[46/129] fastapi_14459 R@5=0.0 calls=9 tools=8 stop=budget 256.5s
[47/129] fastapi_14448 R@5=0.0 calls=9 tools=8 stop=budget 160.3s
[48/129] fastapi_14455 R@5=0.0 calls=9 tools=8 stop=budget 174.1s
[49/129] fastapi_9753 R@5=0.0 calls=9 tools=8 stop=budget 180.2s
[50/129] fastapi_14430 R@5=0.0 calls=9 tools=8 stop=budget 170.4s
[51/129] fastapi_5077 R@5=1.0 calls=9 tools=8 stop=budget 193.9s
[52/129] fastapi_9555 R@5=0.0 calls=9 tools=8 stop=budget 170.1s
[53/129] fastapi_14361 R@5=0.0 calls=9 tools=8 stop=budget 161.1s
[54/129] fastapi_13207 R@5=0.5 calls=9 tools=8 stop=budget 184.4s
[55/129] fastapi_14360 R@5=1.0 calls=9 tools=8 stop=budget 169.4s
[56/129] fastapi_14356 R@5=0.0 calls=9 tools=8 stop=budget 224.6s
[57/129] fastapi_5624 R@5=1.0 calls=9 tools=8 stop=budget 145.1s
[58/129] fastapi_14419 R@5=0.4 calls=9 tools=8 stop=budget 117.1s
[59/129] fastapi_14301 R@5=1.0 calls=9 tools=8 stop=budget 122.8s
[60/129] fastapi_14262 R@5=0.0625 calls=9 tools=8 stop=budget 147.9s
[61/129] fastapi_14266 R@5=0.0 calls=9 tools=8 stop=budget 214.4s
[62/129] fastapi_14246 R@5=0.0 calls=9 tools=8 stop=budget 156.9s
[63/129] fastapi_14186 R@5=0.0 calls=9 tools=8 stop=budget 166.4s
[64/129] fastapi_9425 R@5=1.0 calls=9 tools=8 stop=budget 142.7s
[65/129] fastapi_13713 R@5=0.3333333333333333 calls=9 tools=8 stop=budget 195.1s
[66/129] fastapi_14077 R@5=0.0 calls=9 tools=8 stop=budget 239.9s
[67/129] rich_3718 R@5=0.0 calls=9 tools=8 stop=budget 314.5s
[68/129] rich_3934 R@5=0.0 calls=9 tools=8 stop=budget 152.0s
[69/129] rich_3953 R@5=0.0 calls=9 tools=8 stop=budget 161.9s
[70/129] rich_3944 R@5=0.0 calls=9 tools=8 stop=budget 215.7s
[71/129] rich_3942 R@5=0.0 calls=9 tools=8 stop=budget 154.8s
[72/129] rich_3938 R@5=0.5 calls=9 tools=8 stop=budget 117.0s
[73/129] rich_3882 R@5=0.0 calls=9 tools=8 stop=budget 196.8s
[74/129] rich_3894 R@5=0.0 calls=9 tools=8 stop=budget 200.9s
[75/129] rich_3935 R@5=0.5 calls=9 tools=8 stop=budget 206.1s
[76/129] rich_3905 R@5=0.0 calls=9 tools=8 stop=budget 284.4s
[77/129] rich_3930 R@5=0.0 calls=9 tools=8 stop=budget 142.4s
[78/129] httpx_3672 R@5=0.09523809523809523 calls=9 tools=8 stop=budget 144.0s
[80/129] fastapi_15800 R@5=0.0 calls=9 tools=8 stop=budget 162.5s
[81/129] fastapi_15785 R@5=0.0 calls=9 tools=8 stop=budget 224.3s
[82/129] fastapi_14371 R@5=0.0 calls=9 tools=8 stop=budget 194.9s
[83/129] fastapi_14605 R@5=0.25 calls=9 tools=8 stop=budget 160.8s
[84/129] fastapi_15763 R@5=0.0 calls=9 tools=8 stop=budget 203.7s
[85/129] fastapi_14583 R@5=0.0 calls=9 tools=8 stop=budget 174.9s
[86/129] fastapi_15745 R@5=0.15789473684210525 calls=9 tools=8 stop=budget 303.5s
[87/129] fastapi_14297 R@5=1.0 calls=9 tools=8 stop=budget 177.1s
[88/129] fastapi_14303 R@5=0.0 calls=9 tools=8 stop=budget 308.3s
[89/129] fastapi_13537 R@5=0.0 calls=9 tools=8 stop=budget 207.6s
[90/129] fastapi_14953 R@5=0.0 calls=9 tools=8 stop=budget 243.7s
[91/129] fastapi_13786 R@5=0.07407407407407407 calls=9 tools=8 stop=budget 330.1s
[92/129] fastapi_14616 R@5=1.0 calls=9 tools=8 stop=budget 193.9s
[93/129] fastapi_11194 R@5=0.0 calls=9 tools=8 stop=budget 212.2s
[94/129] requests_6757 R@5=0.0 calls=9 tools=8 stop=budget 235.7s
[95/129] requests_6629 R@5=1.0 calls=9 tools=8 stop=budget 134.4s
[96/129] requests_6644 R@5=0.0 calls=9 tools=8 stop=budget 150.3s
[97/129] requests_6589 R@5=1.0 calls=9 tools=8 stop=budget 283.5s
[99/129] rich_3180 R@5=0.0 calls=9 tools=8 stop=budget 136.7s
[100/129] rich_3486 R@5=0.0 calls=9 tools=8 stop=budget 244.0s
[101/129] rich_3777 R@5=0.5 calls=9 tools=8 stop=budget 171.9s
[102/129] rich_3468 R@5=0.0 calls=9 tools=8 stop=budget 204.7s
[103/129] rich_3782 R@5=0.5 calls=9 tools=8 stop=budget 261.3s
[104/129] rich_3772 R@5=0.0 calls=9 tools=8 stop=budget 282.9s
[105/129] rich_3296 R@5=0.0 calls=9 tools=8 stop=budget 202.9s
[106/129] rich_3675 R@5=0.0 calls=9 tools=8 stop=budget 209.8s
[107/129] rich_3676 R@5=0.0 calls=9 tools=8 stop=budget 195.5s
[108/129] rich_3518 R@5=1.0 calls=9 tools=8 stop=budget 376.8s
[109/129] rich_3535 R@5=1.0 calls=9 tools=8 stop=budget 137.0s
[110/129] rich_3521 R@5=1.0 calls=9 tools=8 stop=budget 191.7s
[111/129] rich_3506 R@5=1.0 calls=9 tools=8 stop=budget 180.6s
[112/129] rich_3480 R@5=0.0 calls=9 tools=8 stop=budget 177.3s
[113/129] rich_3472 R@5=0.0 calls=9 tools=8 stop=budget 167.4s
[114/129] rich_3454 R@5=0.0 calls=9 tools=8 stop=budget 157.5s
[115/129] rich_3471 R@5=1.0 calls=9 tools=8 stop=budget 125.2s
[116/129] rich_3470 R@5=1.0 calls=9 tools=8 stop=budget 162.0s
[117/129] rich_3469 R@5=0.0 calls=9 tools=8 stop=budget 146.3s
[118/129] rich_3052 R@5=0.4 calls=9 tools=8 stop=budget 198.4s
[120/129] rich_2943 R@5=1.0 calls=9 tools=8 stop=budget 212.6s
[121/129] rich_2725 R@5=0.0 calls=9 tools=8 stop=budget 294.6s
[123/129] rich_3130 R@5=0.6666666666666666 calls=9 tools=8 stop=budget 160.6s
[125/129] rich_3067 R@5=0.0 calls=9 tools=8 stop=budget 166.5s
[126/129] rich_3006 R@5=0.0 calls=9 tools=8 stop=budget 237.7s
[127/129] rich_3064 R@5=0.0 calls=9 tools=8 stop=budget 156.9s
[128/129] rich_3063 R@5=0.0 calls=9 tools=8 stop=budget 139.3s
[129/129] rich_3061 R@5=0.2727272727272727 calls=9 tools=8 stop=budget 152.0s
=== 2026-10-05T12:58:43Z gemma4:12b-it-qat gdn
[2/129] fastapi_15588 R@5=0.0 calls=0 tools=0 stop=done 0.0s
[3/129] fastapi_15589 R@5=0.0 calls=5 tools=4 stop=budget 92.1s
[4/129] fastapi_15030 R@5=0.0 calls=0 tools=0 stop=done 0.0s
[5/129] fastapi_14962 R@5=0.0 calls=5 tools=4 stop=budget 82.8s
[6/129] fastapi_15280 R@5=1.0 calls=5 tools=4 stop=budget 95.2s
[7/129] fastapi_14964 R@5=1.0 calls=0 tools=0 stop=done 0.0s
[8/129] fastapi_15023 R@5=0.0 calls=5 tools=4 stop=budget 70.1s
[9/129] fastapi_14986 R@5=0.5 calls=0 tools=0 stop=done 0.0s
[10/129] fastapi_14978 R@5=0.0 calls=5 tools=4 stop=budget 57.7s
[11/129] requests_7505 R@5=0.3333333333333333 calls=0 tools=0 stop=done 0.0s
[12/129] requests_7502 R@5=1.0 calls=0 tools=0 stop=done 0.0s
[13/129] requests_7433 R@5=1.0 calls=0 tools=0 stop=done 0.0s
[14/129] requests_7427 R@5=1.0 calls=5 tools=4 stop=budget 77.4s
[15/129] requests_7315 R@5=1.0 calls=0 tools=0 stop=done 0.0s
[16/129] requests_7328 R@5=0.0 calls=0 tools=0 stop=done 0.0s
[17/129] requests_7309 R@5=1.0 calls=0 tools=0 stop=done 0.0s
[18/129] requests_7205 R@5=1.0 calls=5 tools=4 stop=budget 91.2s
[19/129] rich_4070 R@5=0.11764705882352941 calls=0 tools=0 stop=done 0.0s
[20/129] rich_4077 R@5=0.0 calls=5 tools=4 stop=budget 68.7s
[21/129] rich_4079 R@5=0.0 calls=5 tools=4 stop=budget 73.8s
[22/129] rich_4076 R@5=0.0 calls=5 tools=4 stop=budget 71.3s
[23/129] rich_4075 R@5=0.0 calls=5 tools=4 stop=budget 97.3s
[24/129] rich_4006 R@5=1.0 calls=0 tools=0 stop=done 0.0s
[25/129] fastapi_14258 R@5=0.0 calls=5 tools=4 stop=budget 114.0s
[26/129] fastapi_14851 R@5=0.5 calls=0 tools=0 stop=done 0.0s
[27/129] fastapi_14873 R@5=1.0 calls=0 tools=0 stop=done 0.0s
[28/129] fastapi_13920 R@5=0.0 calls=5 tools=4 stop=budget 56.8s
[29/129] fastapi_14794 R@5=1.0 calls=0 tools=0 stop=done 0.0s
[30/129] fastapi_14786 R@5=1.0 calls=5 tools=4 stop=final 98.0s
[32/129] fastapi_14479 R@5=1.0 calls=0 tools=0 stop=done 0.0s
[33/129] fastapi_14463 R@5=0.0 calls=0 tools=0 stop=done 0.0s
[34/129] fastapi_12942 R@5=0.0 calls=5 tools=4 stop=budget 105.4s
[35/129] fastapi_14099 R@5=0.6666666666666666 calls=0 tools=0 stop=done 0.0s
[36/129] fastapi_14609 R@5=0.0 calls=0 tools=0 stop=done 0.0s
[37/129] fastapi_14372 R@5=0.6666666666666666 calls=0 tools=0 stop=done 0.0s
[38/129] fastapi_14349 R@5=0.0 calls=5 tools=4 stop=budget 77.4s
[39/129] fastapi_14512 R@5=0.0 calls=0 tools=0 stop=done 0.0s
[40/129] fastapi_14487 R@5=0.0 calls=5 tools=4 stop=budget 65.7s
[41/129] fastapi_11355 R@5=0.0 calls=5 tools=4 stop=budget 80.1s
[42/129] fastapi_14485 R@5=0.0 calls=5 tools=4 stop=budget 88.8s
[43/129] fastapi_14482 R@5=0.0 calls=5 tools=4 stop=budget 98.5s
[44/129] fastapi_14306 R@5=0.3 calls=0 tools=0 stop=done 0.0s
[45/129] fastapi_14458 R@5=1.0 calls=4 tools=3 stop=final 65.2s
[46/129] fastapi_14459 R@5=0.0 calls=0 tools=0 stop=done 0.0s
[47/129] fastapi_14448 R@5=0.0 calls=5 tools=4 stop=budget 90.2s
[48/129] fastapi_14455 R@5=0.0 calls=0 tools=0 stop=done 0.0s
[49/129] fastapi_9753 R@5=0.0 calls=5 tools=4 stop=budget 54.7s
[50/129] fastapi_14430 R@5=0.0 calls=5 tools=4 stop=budget 68.6s
[51/129] fastapi_5077 R@5=1.0 calls=0 tools=0 stop=done 0.0s
[52/129] fastapi_9555 R@5=0.0 calls=0 tools=0 stop=done 0.0s
[53/129] fastapi_14361 R@5=1.0 calls=5 tools=4 stop=final 217.7s
[54/129] fastapi_13207 R@5=0.0 calls=0 tools=0 stop=done 0.0s
[55/129] fastapi_14360 R@5=1.0 calls=0 tools=0 stop=done 0.0s
[56/129] fastapi_14356 R@5=0.0 calls=0 tools=0 stop=done 0.0s
[57/129] fastapi_5624 R@5=1.0 calls=5 tools=4 stop=final 177.3s
[58/129] fastapi_14419 R@5=0.2 calls=0 tools=0 stop=done 0.0s
[59/129] fastapi_14301 R@5=1.0 calls=5 tools=4 stop=budget 79.9s
[60/129] fastapi_14262 R@5=0.125 calls=0 tools=0 stop=done 0.0s
[61/129] fastapi_14266 R@5=0.0 calls=0 tools=0 stop=done 0.0s
[62/129] fastapi_14246 R@5=0.0 calls=5 tools=4 stop=budget 92.6s
[63/129] fastapi_14186 R@5=0.0 calls=5 tools=4 stop=budget 103.7s
[64/129] fastapi_9425 R@5=1.0 calls=5 tools=4 stop=budget 78.4s
[65/129] fastapi_13713 R@5=0.3333333333333333 calls=0 tools=0 stop=done 0.0s
[66/129] fastapi_14077 R@5=0.0 calls=0 tools=0 stop=done 0.0s
[67/129] rich_3718 R@5=0.0 calls=0 tools=0 stop=done 0.1s
[68/129] rich_3934 R@5=0.0 calls=5 tools=4 stop=budget 55.1s
[69/129] rich_3953 R@5=0.0 calls=5 tools=4 stop=budget 57.6s
[70/129] rich_3944 R@5=0.0 calls=5 tools=4 stop=budget 77.1s
[71/129] rich_3942 R@5=0.0 calls=5 tools=4 stop=budget 68.0s
[72/129] rich_3938 R@5=0.5 calls=5 tools=4 stop=budget 66.8s
[73/129] rich_3882 R@5=1.0 calls=5 tools=4 stop=budget 82.7s
[74/129] rich_3894 R@5=0.0 calls=5 tools=4 stop=budget 102.0s
[75/129] rich_3935 R@5=0.0 calls=5 tools=4 stop=budget 124.1s
[76/129] rich_3905 R@5=0.0 calls=0 tools=0 stop=done 0.0s
[77/129] rich_3930 R@5=0.0 calls=5 tools=4 stop=budget 73.1s
[78/129] httpx_3672 R@5=0.09523809523809523 calls=0 tools=0 stop=done 0.0s
[80/129] fastapi_15800 R@5=0.16666666666666666 calls=5 tools=4 stop=budget 132.3s
[81/129] fastapi_15785 R@5=0.0 calls=5 tools=4 stop=budget 161.8s
[82/129] fastapi_14371 R@5=0.0 calls=5 tools=4 stop=budget 459.5s
[83/129] fastapi_14605 R@5=0.25 calls=5 tools=4 stop=budget 89.6s
[84/129] fastapi_15763 R@5=0.0 calls=5 tools=4 stop=budget 70.2s
[85/129] fastapi_14583 R@5=0.0 calls=5 tools=4 stop=final 206.1s
[86/129] fastapi_15745 R@5=0.15789473684210525 calls=0 tools=0 stop=done 0.0s
[87/129] fastapi_14297 R@5=0.0 calls=0 tools=0 stop=done 0.0s
[88/129] fastapi_14303 R@5=0.0 calls=0 tools=0 stop=done 0.0s
[89/129] fastapi_13537 R@5=0.0 calls=0 tools=0 stop=done 0.0s
[90/129] fastapi_14953 R@5=0.0 calls=0 tools=0 stop=done 0.0s
[91/129] fastapi_13786 R@5=0.037037037037037035 calls=0 tools=0 stop=done 0.0s
[92/129] fastapi_14616 R@5=0.0 calls=0 tools=0 stop=done 0.0s
[93/129] fastapi_11194 R@5=0.0 calls=0 tools=0 stop=done 0.0s
[94/129] requests_6757 R@5=0.0 calls=5 tools=4 stop=budget 71.0s
[95/129] requests_6629 R@5=1.0 calls=0 tools=0 stop=done 0.0s
[96/129] requests_6644 R@5=0.0 calls=5 tools=4 stop=budget 100.8s
[97/129] requests_6589 R@5=1.0 calls=0 tools=0 stop=done 0.0s
[99/129] rich_3180 R@5=0.0 calls=5 tools=4 stop=budget 117.5s
[100/129] rich_3486 R@5=0.0 calls=5 tools=4 stop=budget 111.4s
[101/129] rich_3777 R@5=0.5 calls=5 tools=4 stop=budget 129.3s
[102/129] rich_3468 R@5=0.25 calls=5 tools=4 stop=budget 117.6s
[103/129] rich_3782 R@5=0.3333333333333333 calls=5 tools=4 stop=budget 104.7s
[104/129] rich_3772 R@5=0.0 calls=5 tools=4 stop=budget 119.5s
[105/129] rich_3296 R@5=0.0 calls=5 tools=4 stop=budget 108.5s
[106/129] rich_3675 R@5=0.0 calls=5 tools=4 stop=budget 103.9s
[107/129] rich_3676 R@5=0.0 calls=5 tools=4 stop=budget 77.3s
[108/129] rich_3518 R@5=1.0 calls=5 tools=4 stop=budget 154.1s
[109/129] rich_3535 R@5=1.0 calls=5 tools=4 stop=budget 91.9s
[110/129] rich_3521 R@5=1.0 calls=0 tools=0 stop=done 0.0s
[111/129] rich_3506 R@5=1.0 calls=0 tools=0 stop=done 0.1s
[112/129] rich_3480 R@5=0.0 calls=5 tools=4 stop=budget 84.9s
[113/129] rich_3472 R@5=0.0 calls=5 tools=4 stop=budget 74.3s
[114/129] rich_3454 R@5=1.0 calls=0 tools=0 stop=done 0.0s
[115/129] rich_3471 R@5=1.0 calls=0 tools=0 stop=done 0.0s
[116/129] rich_3470 R@5=1.0 calls=5 tools=4 stop=budget 96.2s
[117/129] rich_3469 R@5=0.0 calls=5 tools=4 stop=budget 77.7s
[118/129] rich_3052 R@5=0.4 calls=0 tools=0 stop=done 0.0s
[120/129] rich_2943 R@5=0.0 calls=5 tools=4 stop=budget 64.3s
[121/129] rich_2725 R@5=0.0 calls=5 tools=4 stop=budget 125.9s
[123/129] rich_3130 R@5=0.0 calls=5 tools=4 stop=budget 86.0s
[125/129] rich_3067 R@5=0.0 calls=5 tools=4 stop=budget 94.1s
[126/129] rich_3006 R@5=0.0 calls=0 tools=0 stop=done 0.0s
[127/129] rich_3064 R@5=0.0 calls=5 tools=4 stop=budget 61.6s
[128/129] rich_3063 R@5=0.0 calls=5 tools=4 stop=budget 96.5s
[129/129] rich_3061 R@5=0.2727272727272727 calls=5 tools=4 stop=budget 91.2s
=== DONE 2026-10-05T14:54:07Z
