=== 2026-10-04T05:44:17Z gemma4:e2b-it-qat no_retrieval
[2/129] fastapi_15588 R@5=0.5 calls=1 tools=0 stop=done 23.9s
[3/129] fastapi_15589 R@5=0.0 calls=1 tools=0 stop=done 64.0s
[4/129] fastapi_15030 R@5=0.0 calls=1 tools=0 stop=done 15.7s
[5/129] fastapi_14962 R@5=0.0 calls=1 tools=0 stop=done 18.4s
[6/129] fastapi_15280 R@5=0.0 calls=1 tools=0 stop=done 23.3s
[7/129] fastapi_14964 R@5=1.0 calls=1 tools=0 stop=done 23.7s
[8/129] fastapi_15023 R@5=0.0 calls=1 tools=0 stop=done 22.2s
[9/129] fastapi_14986 R@5=0.0 calls=1 tools=0 stop=done 91.0s
[10/129] fastapi_14978 R@5=0.0 calls=1 tools=0 stop=done 19.1s
[11/129] requests_7505 R@5=0.0 calls=1 tools=0 stop=done 3.1s
[12/129] requests_7502 R@5=1.0 calls=1 tools=0 stop=done 2.4s
[13/129] requests_7433 R@5=1.0 calls=1 tools=0 stop=done 2.6s
[14/129] requests_7427 R@5=1.0 calls=1 tools=0 stop=done 2.4s
[15/129] requests_7315 R@5=0.0 calls=1 tools=0 stop=done 2.7s
[16/129] requests_7328 R@5=0.0 calls=1 tools=0 stop=done 2.4s
[17/129] requests_7309 R@5=1.0 calls=1 tools=0 stop=done 2.6s
[18/129] requests_7205 R@5=1.0 calls=1 tools=0 stop=done 2.5s
[19/129] rich_4070 R@5=0.058823529411764705 calls=1 tools=0 stop=done 11.3s
[20/129] rich_4077 R@5=0.0 calls=1 tools=0 stop=done 8.1s
[21/129] rich_4079 R@5=0.0 calls=1 tools=0 stop=done 7.0s
[22/129] rich_4076 R@5=0.0 calls=1 tools=0 stop=done 6.8s
[23/129] rich_4075 R@5=0.0 calls=1 tools=0 stop=done 7.9s
[24/129] rich_4006 R@5=0.0 calls=1 tools=0 stop=done 8.0s
[25/129] fastapi_14258 R@5=0.0 calls=1 tools=0 stop=done 20.4s
[26/129] fastapi_14851 R@5=0.5 calls=1 tools=0 stop=done 20.1s
[27/129] fastapi_14873 R@5=1.0 calls=1 tools=0 stop=done 22.1s
[28/129] fastapi_13920 R@5=0.0 calls=1 tools=0 stop=done 22.0s
[29/129] fastapi_14794 R@5=1.0 calls=1 tools=0 stop=done 21.2s
[30/129] fastapi_14786 R@5=0.0 calls=1 tools=0 stop=done 24.2s
[32/129] fastapi_14479 R@5=1.0 calls=1 tools=0 stop=done 23.5s
[33/129] fastapi_14463 R@5=0.0 calls=1 tools=0 stop=done 30.0s
[34/129] fastapi_12942 R@5=0.0 calls=1 tools=0 stop=done 18.7s
[35/129] fastapi_14099 R@5=0.6666666666666666 calls=1 tools=0 stop=done 17.6s
[36/129] fastapi_14609 R@5=0.00847457627118644 calls=1 tools=0 stop=done 25.8s
[37/129] fastapi_14372 R@5=0.0 calls=1 tools=0 stop=done 22.4s
[38/129] fastapi_14349 R@5=0.0 calls=1 tools=0 stop=done 18.1s
[39/129] fastapi_14512 R@5=0.0 calls=1 tools=0 stop=done 17.9s
[40/129] fastapi_14487 R@5=0.0 calls=1 tools=0 stop=done 19.4s
=== 2026-10-04T05:57:22Z gemma4:e2b-it-qat mdn
[2/129] fastapi_15588 R@5=0.0 calls=1 tools=0 stop=final 2.2s
[3/129] fastapi_15589 R@5=0.0 calls=1 tools=0 stop=final 1.8s
[4/129] fastapi_15030 R@5=0.0 calls=1 tools=0 stop=final 1.2s
[5/129] fastapi_14962 R@5=0.0 calls=1 tools=0 stop=final_empty 3.1s
[6/129] fastapi_15280 R@5=0.0 calls=2 tools=1 stop=final_empty 9.0s
[7/129] fastapi_14964 R@5=1.0 calls=1 tools=0 stop=final 2.8s
[8/129] fastapi_15023 R@5=0.0 calls=1 tools=0 stop=final_empty 1.5s
[9/129] fastapi_14986 R@5=1.0 calls=1 tools=0 stop=final 2.2s
[10/129] fastapi_14978 R@5=0.0 calls=2 tools=1 stop=final_empty 8.0s
[11/129] requests_7505 R@5=0.6666666666666666 calls=6 tools=6 stop=invalid_calls 9.0s
[12/129] requests_7502 R@5=1.0 calls=2 tools=0 stop=final 5.9s
[13/129] requests_7433 R@5=1.0 calls=5 tools=4 stop=final 14.4s
[14/129] requests_7427 R@5=1.0 calls=1 tools=0 stop=final 2.3s
[15/129] requests_7315 R@5=0.0 calls=1 tools=0 stop=final 4.6s
[16/129] requests_7328 R@5=0.0 calls=1 tools=0 stop=final 2.4s
[17/129] requests_7309 R@5=1.0 calls=2 tools=1 stop=final 11.0s
[18/129] requests_7205 R@5=1.0 calls=1 tools=0 stop=final 2.3s
[19/129] rich_4070 R@5=0.0 calls=1 tools=0 stop=final 6.2s
[20/129] rich_4077 R@5=0.0 calls=3 tools=1 stop=final_empty 73.9s
[21/129] rich_4079 R@5=0.0 calls=7 tools=6 stop=final 17.2s
[22/129] rich_4076 R@5=0.0 calls=2 tools=1 stop=final 6.0s
[23/129] rich_4075 R@5=0.0 calls=1 tools=0 stop=final 9.3s
[24/129] rich_4006 R@5=1.0 calls=2 tools=1 stop=final 8.6s
[25/129] fastapi_14258 R@5=0.0 calls=2 tools=1 stop=final 5.9s
[26/129] fastapi_14851 R@5=0.5 calls=3 tools=2 stop=final 18.0s
[27/129] fastapi_14873 R@5=1.0 calls=1 tools=0 stop=final 7.0s
[28/129] fastapi_13920 R@5=0.0 calls=1 tools=0 stop=final_empty 1.8s
[29/129] fastapi_14794 R@5=1.0 calls=1 tools=0 stop=final 3.8s
[30/129] fastapi_14786 R@5=1.0 calls=1 tools=0 stop=final 4.3s
[32/129] fastapi_14479 R@5=1.0 calls=1 tools=0 stop=final 4.3s
[33/129] fastapi_14463 R@5=0.0 calls=1 tools=0 stop=final 15.6s
[34/129] fastapi_12942 R@5=0.0 calls=1 tools=0 stop=final 8.7s
[35/129] fastapi_14099 R@5=0.6666666666666666 calls=1 tools=0 stop=final 2.4s
[36/129] fastapi_14609 R@5=0.00847457627118644 calls=1 tools=0 stop=final 1.9s
[37/129] fastapi_14372 R@5=0.3333333333333333 calls=1 tools=0 stop=final 6.1s
[38/129] fastapi_14349 R@5=0.0 calls=4 tools=4 stop=invalid_calls 8.3s
[39/129] fastapi_14512 R@5=0.0 calls=7 tools=6 stop=final 27.4s
[40/129] fastapi_14487 R@5=0.0 calls=2 tools=1 stop=final_empty 5.4s
[41/129] fastapi_11355 R@5=0.0 calls=1 tools=0 stop=final 6.2s
[42/129] fastapi_14485 R@5=0.0 calls=5 tools=4 stop=final_empty 10.4s
[43/129] fastapi_14482 R@5=0.0 calls=5 tools=4 stop=final_empty 12.9s
[44/129] fastapi_14306 R@5=0.2 calls=1 tools=0 stop=final 5.7s
[45/129] fastapi_14458 R@5=1.0 calls=2 tools=0 stop=final 5.3s
[46/129] fastapi_14459 R@5=0.0 calls=6 tools=5 stop=final 14.6s
[47/129] fastapi_14448 R@5=0.0 calls=1 tools=0 stop=final 7.7s
[48/129] fastapi_14455 R@5=0.0 calls=8 tools=6 stop=final 90.0s
[49/129] fastapi_9753 R@5=0.0 calls=1 tools=0 stop=final_empty 2.2s
[50/129] fastapi_14430 R@5=0.0 calls=4 tools=3 stop=final_empty 22.1s
[51/129] fastapi_5077 R@5=1.0 calls=1 tools=0 stop=final 9.4s
[52/129] fastapi_9555 R@5=0.0 calls=1 tools=0 stop=final 10.0s
[53/129] fastapi_14361 R@5=0.0 calls=3 tools=2 stop=final_empty 7.7s
[54/129] fastapi_13207 R@5=0.0 calls=2 tools=0 stop=final 2.8s
[55/129] fastapi_14360 R@5=1.0 calls=9 tools=8 stop=budget 92.8s
[56/129] fastapi_14356 R@5=0.0 calls=1 tools=0 stop=final 11.6s
[57/129] fastapi_5624 R@5=1.0 calls=1 tools=0 stop=final_empty 6.6s
[58/129] fastapi_14419 R@5=0.4 calls=4 tools=3 stop=final_empty 10.8s
[59/129] fastapi_14301 R@5=1.0 calls=1 tools=0 stop=final 3.3s
[60/129] fastapi_14262 R@5=0.125 calls=1 tools=0 stop=final 6.6s
[61/129] fastapi_14266 R@5=0.0 calls=7 tools=6 stop=final 14.0s
[62/129] fastapi_14246 R@5=0.0 calls=2 tools=1 stop=final 6.7s
[63/129] fastapi_14186 R@5=0.0 calls=1 tools=0 stop=final 2.4s
[64/129] fastapi_9425 R@5=1.0 calls=1 tools=0 stop=final 1.4s
[65/129] fastapi_13713 R@5=0.3333333333333333 calls=4 tools=3 stop=final 24.9s
[66/129] fastapi_14077 R@5=0.0 calls=1 tools=0 stop=final 2.3s
[67/129] rich_3718 R@5=0.0 calls=7 tools=6 stop=final 25.2s
[68/129] rich_3934 R@5=0.0 calls=1 tools=0 stop=final 6.8s
[69/129] rich_3953 R@5=0.0 calls=2 tools=1 stop=final 8.3s
[70/129] rich_3944 R@5=0.0 calls=2 tools=1 stop=final 5.5s
[71/129] rich_3942 R@5=0.25 calls=2 tools=1 stop=final 6.8s
[72/129] rich_3938 R@5=0.5 calls=2 tools=1 stop=final 9.4s
[73/129] rich_3882 R@5=1.0 calls=6 tools=4 stop=final 89.4s
[74/129] rich_3894 R@5=0.0 calls=1 tools=0 stop=final 8.2s
[75/129] rich_3935 R@5=0.0 calls=2 tools=1 stop=final 18.9s
[76/129] rich_3905 R@5=1.0 calls=1 tools=0 stop=final 3.8s
[77/129] rich_3930 R@5=0.0 calls=1 tools=0 stop=final_empty 2.4s
[78/129] httpx_3672 R@5=0.09523809523809523 calls=1 tools=0 stop=final 1.7s
[80/129] fastapi_15800 R@5=0.0 calls=1 tools=0 stop=final_empty 2.4s
[81/129] fastapi_15785 R@5=0.0 calls=1 tools=0 stop=final 2.7s
[82/129] fastapi_14371 R@5=0.0 calls=1 tools=0 stop=final 3.6s
[83/129] fastapi_14605 R@5=0.25 calls=3 tools=2 stop=final_empty 8.2s
[84/129] fastapi_15763 R@5=0.0 calls=1 tools=0 stop=final 4.1s
[85/129] fastapi_14583 R@5=0.0 calls=8 tools=6 stop=final_empty 82.1s
[86/129] fastapi_15745 R@5=0.21052631578947367 calls=1 tools=0 stop=final 10.9s
[87/129] fastapi_14297 R@5=1.0 calls=1 tools=0 stop=final 8.6s
[88/129] fastapi_14303 R@5=0.0 calls=1 tools=0 stop=final_empty 8.0s
[89/129] fastapi_13537 R@5=0.0 calls=1 tools=0 stop=final 6.7s
[90/129] fastapi_14953 R@5=0.0 calls=1 tools=0 stop=final 3.6s
[91/129] fastapi_13786 R@5=0.037037037037037035 calls=1 tools=0 stop=final 12.9s
[92/129] fastapi_14616 R@5=1.0 calls=1 tools=0 stop=final 6.8s
[93/129] fastapi_11194 R@5=0.0 calls=2 tools=0 stop=final 3.5s
[94/129] requests_6757 R@5=0.0 calls=1 tools=0 stop=final_empty 1.7s
[95/129] requests_6629 R@5=1.0 calls=8 tools=7 stop=final 29.4s
[96/129] requests_6644 R@5=0.0 calls=1 tools=0 stop=final_empty 2.2s
[97/129] requests_6589 R@5=1.0 calls=2 tools=1 stop=final 9.3s
[99/129] rich_3180 R@5=0.0 calls=2 tools=1 stop=final_empty 6.4s
[100/129] rich_3486 R@5=0.0 calls=4 tools=3 stop=final 11.8s
[101/129] rich_3777 R@5=0.5 calls=1 tools=0 stop=final 2.1s
[102/129] rich_3468 R@5=0.0 calls=2 tools=1 stop=final 6.5s
[103/129] rich_3782 R@5=0.3333333333333333 calls=1 tools=0 stop=final 4.1s
[104/129] rich_3772 R@5=0.0 calls=1 tools=0 stop=final_empty 5.5s
[105/129] rich_3296 R@5=0.0 calls=1 tools=0 stop=final 9.5s
[106/129] rich_3675 R@5=0.0 calls=3 tools=1 stop=final 82.5s
[107/129] rich_3676 R@5=0.0 calls=1 tools=0 stop=final 2.0s
[108/129] rich_3518 R@5=1.0 calls=1 tools=0 stop=final 2.9s
[109/129] rich_3535 R@5=1.0 calls=1 tools=0 stop=final 3.8s
[110/129] rich_3521 R@5=1.0 calls=6 tools=5 stop=final 17.0s
[111/129] rich_3506 R@5=1.0 calls=5 tools=4 stop=final 39.3s
[112/129] rich_3480 R@5=0.0 calls=2 tools=1 stop=final_empty 14.0s
[113/129] rich_3472 R@5=0.0 calls=7 tools=6 stop=final 13.0s
[114/129] rich_3454 R@5=1.0 calls=1 tools=0 stop=final 3.0s
[115/129] rich_3471 R@5=1.0 calls=2 tools=1 stop=final 7.7s
[116/129] rich_3470 R@5=1.0 calls=3 tools=1 stop=final_empty 81.4s
[117/129] rich_3469 R@5=0.0 calls=1 tools=0 stop=final 10.7s
[118/129] rich_3052 R@5=0.4 calls=1 tools=0 stop=final_empty 2.8s
[120/129] rich_2943 R@5=0.0 calls=1 tools=0 stop=final 5.6s
[121/129] rich_2725 R@5=0.0 calls=1 tools=0 stop=final 3.7s
[123/129] rich_3130 R@5=0.6666666666666666 calls=1 tools=0 stop=final 7.8s
[125/129] rich_3067 R@5=0.0 calls=1 tools=0 stop=final 8.1s
[126/129] rich_3006 R@5=0.0 calls=3 tools=2 stop=final 12.8s
[127/129] rich_3064 R@5=0.0 calls=2 tools=1 stop=final_empty 4.3s
[128/129] rich_3063 R@5=0.0 calls=4 tools=4 stop=invalid_calls 7.5s
[129/129] rich_3061 R@5=0.2727272727272727 calls=7 tools=6 stop=final 56.2s
=== 2026-10-04T06:23:41Z gemma4:e2b-it-qat gdn
[2/129] fastapi_15588 R@5=0.0 calls=0 tools=0 stop=done 0.0s
[3/129] fastapi_15589 R@5=0.0 calls=1 tools=0 stop=final 6.5s
[4/129] fastapi_15030 R@5=0.0 calls=0 tools=0 stop=done 0.0s
[5/129] fastapi_14962 R@5=0.25 calls=1 tools=0 stop=final 5.3s
[6/129] fastapi_15280 R@5=1.0 calls=5 tools=4 stop=final 19.2s
[7/129] fastapi_14964 R@5=1.0 calls=0 tools=0 stop=done 0.0s
[8/129] fastapi_15023 R@5=0.0 calls=1 tools=0 stop=final 3.2s
[9/129] fastapi_14986 R@5=0.5 calls=0 tools=0 stop=done 0.0s
[10/129] fastapi_14978 R@5=0.0 calls=5 tools=4 stop=budget 21.5s
[11/129] requests_7505 R@5=0.3333333333333333 calls=0 tools=0 stop=done 0.0s
[12/129] requests_7502 R@5=1.0 calls=0 tools=0 stop=done 0.0s
[13/129] requests_7433 R@5=1.0 calls=0 tools=0 stop=done 0.0s
[14/129] requests_7427 R@5=1.0 calls=5 tools=4 stop=final 17.0s
[15/129] requests_7315 R@5=1.0 calls=0 tools=0 stop=done 0.0s
[16/129] requests_7328 R@5=0.0 calls=0 tools=0 stop=done 0.0s
[17/129] requests_7309 R@5=1.0 calls=0 tools=0 stop=done 0.0s
[18/129] requests_7205 R@5=1.0 calls=1 tools=0 stop=final 5.8s
[19/129] rich_4070 R@5=0.11764705882352941 calls=0 tools=0 stop=done 0.0s
[20/129] rich_4077 R@5=0.0 calls=1 tools=0 stop=final 3.1s
[21/129] rich_4079 R@5=0.0 calls=1 tools=0 stop=final 4.7s
[22/129] rich_4076 R@5=0.0 calls=1 tools=0 stop=final 5.7s
[23/129] rich_4075 R@5=0.0 calls=1 tools=0 stop=final 5.1s
[24/129] rich_4006 R@5=1.0 calls=0 tools=0 stop=done 0.0s
[25/129] fastapi_14258 R@5=1.0 calls=4 tools=3 stop=final 17.0s
[26/129] fastapi_14851 R@5=0.5 calls=0 tools=0 stop=done 0.0s
[27/129] fastapi_14873 R@5=1.0 calls=0 tools=0 stop=done 0.0s
[28/129] fastapi_13920 R@5=0.0 calls=1 tools=0 stop=final 2.3s
[29/129] fastapi_14794 R@5=1.0 calls=0 tools=0 stop=done 0.0s
[30/129] fastapi_14786 R@5=1.0 calls=1 tools=0 stop=final 4.8s
[32/129] fastapi_14479 R@5=1.0 calls=0 tools=0 stop=done 0.0s
[33/129] fastapi_14463 R@5=0.0 calls=0 tools=0 stop=done 0.0s
[34/129] fastapi_12942 R@5=0.0 calls=1 tools=0 stop=final 7.4s
[35/129] fastapi_14099 R@5=0.6666666666666666 calls=0 tools=0 stop=done 0.0s
[36/129] fastapi_14609 R@5=0.0 calls=0 tools=0 stop=done 0.0s
[37/129] fastapi_14372 R@5=0.6666666666666666 calls=0 tools=0 stop=done 0.0s
[38/129] fastapi_14349 R@5=0.0 calls=5 tools=4 stop=budget 16.3s
[39/129] fastapi_14512 R@5=0.0 calls=0 tools=0 stop=done 0.0s
[40/129] fastapi_14487 R@5=0.0 calls=1 tools=0 stop=final 2.2s
[41/129] fastapi_11355 R@5=0.0 calls=1 tools=0 stop=final 5.3s
[42/129] fastapi_14485 R@5=0.0 calls=1 tools=0 stop=final 5.8s
[43/129] fastapi_14482 R@5=0.0 calls=1 tools=0 stop=final 7.7s
[44/129] fastapi_14306 R@5=0.3 calls=0 tools=0 stop=done 0.0s
[45/129] fastapi_14458 R@5=1.0 calls=1 tools=0 stop=final 16.0s
[46/129] fastapi_14459 R@5=0.0 calls=0 tools=0 stop=done 0.0s
[47/129] fastapi_14448 R@5=0.0 calls=1 tools=0 stop=final 7.4s
[48/129] fastapi_14455 R@5=0.0 calls=0 tools=0 stop=done 0.0s
[49/129] fastapi_9753 R@5=0.0 calls=1 tools=0 stop=final 5.0s
[50/129] fastapi_14430 R@5=0.0 calls=5 tools=4 stop=budget 18.7s
[51/129] fastapi_5077 R@5=1.0 calls=0 tools=0 stop=done 0.0s
[52/129] fastapi_9555 R@5=0.0 calls=0 tools=0 stop=done 0.0s
[53/129] fastapi_14361 R@5=1.0 calls=1 tools=0 stop=final 1.5s
[54/129] fastapi_13207 R@5=0.0 calls=0 tools=0 stop=done 0.0s
[55/129] fastapi_14360 R@5=1.0 calls=0 tools=0 stop=done 0.0s
[56/129] fastapi_14356 R@5=0.0 calls=0 tools=0 stop=done 0.0s
[57/129] fastapi_5624 R@5=1.0 calls=5 tools=4 stop=final 12.1s
[58/129] fastapi_14419 R@5=0.2 calls=0 tools=0 stop=done 0.0s
[59/129] fastapi_14301 R@5=1.0 calls=1 tools=0 stop=final 6.5s
[60/129] fastapi_14262 R@5=0.125 calls=0 tools=0 stop=done 0.0s
[61/129] fastapi_14266 R@5=0.0 calls=0 tools=0 stop=done 0.0s
[62/129] fastapi_14246 R@5=0.0 calls=1 tools=0 stop=final 5.2s
[63/129] fastapi_14186 R@5=0.0 calls=1 tools=0 stop=final 7.5s
[64/129] fastapi_9425 R@5=1.0 calls=1 tools=0 stop=final 5.8s
[65/129] fastapi_13713 R@5=0.3333333333333333 calls=0 tools=0 stop=done 0.0s
[66/129] fastapi_14077 R@5=0.0 calls=0 tools=0 stop=done 0.0s
[67/129] rich_3718 R@5=0.0 calls=0 tools=0 stop=done 0.1s
[68/129] rich_3934 R@5=0.0 calls=1 tools=0 stop=final 5.7s
[69/129] rich_3953 R@5=0.0 calls=5 tools=4 stop=budget 14.2s
[70/129] rich_3944 R@5=0.0 calls=5 tools=4 stop=final 18.6s
[71/129] rich_3942 R@5=0.0 calls=5 tools=4 stop=final 17.1s
[72/129] rich_3938 R@5=0.5 calls=1 tools=0 stop=final 4.3s
[73/129] rich_3882 R@5=1.0 calls=1 tools=0 stop=final 2.2s
[74/129] rich_3894 R@5=0.0 calls=1 tools=0 stop=final 5.7s
[75/129] rich_3935 R@5=0.0 calls=5 tools=4 stop=budget 12.9s
[76/129] rich_3905 R@5=0.0 calls=0 tools=0 stop=done 0.0s
[77/129] rich_3930 R@5=0.0 calls=1 tools=0 stop=final 4.8s
[78/129] httpx_3672 R@5=0.09523809523809523 calls=0 tools=0 stop=done 0.0s
[80/129] fastapi_15800 R@5=0.3333333333333333 calls=5 tools=4 stop=final 15.6s
[81/129] fastapi_15785 R@5=0.0 calls=1 tools=0 stop=final 5.8s
[82/129] fastapi_14371 R@5=0.0 calls=1 tools=0 stop=final 5.2s
[83/129] fastapi_14605 R@5=0.25 calls=5 tools=4 stop=final 58.7s
[84/129] fastapi_15763 R@5=0.0 calls=1 tools=0 stop=final 6.6s
[85/129] fastapi_14583 R@5=0.0 calls=1 tools=0 stop=final 4.0s
[86/129] fastapi_15745 R@5=0.15789473684210525 calls=0 tools=0 stop=done 0.0s
[87/129] fastapi_14297 R@5=0.0 calls=0 tools=0 stop=done 0.0s
[88/129] fastapi_14303 R@5=0.0 calls=0 tools=0 stop=done 0.1s
[89/129] fastapi_13537 R@5=0.0 calls=0 tools=0 stop=done 0.0s
[90/129] fastapi_14953 R@5=0.0 calls=0 tools=0 stop=done 0.0s
[91/129] fastapi_13786 R@5=0.037037037037037035 calls=0 tools=0 stop=done 0.0s
[92/129] fastapi_14616 R@5=0.0 calls=0 tools=0 stop=done 0.0s
[93/129] fastapi_11194 R@5=0.0 calls=0 tools=0 stop=done 0.0s
[94/129] requests_6757 R@5=0.0 calls=1 tools=0 stop=final 2.1s
[95/129] requests_6629 R@5=1.0 calls=0 tools=0 stop=done 0.0s
[96/129] requests_6644 R@5=0.0 calls=1 tools=0 stop=final 5.0s
[97/129] requests_6589 R@5=1.0 calls=0 tools=0 stop=done 0.0s
[99/129] rich_3180 R@5=0.0 calls=1 tools=0 stop=final 5.9s
[100/129] rich_3486 R@5=0.0 calls=5 tools=4 stop=final 23.9s
[101/129] rich_3777 R@5=0.0 calls=5 tools=4 stop=final 22.2s
[102/129] rich_3468 R@5=0.25 calls=5 tools=4 stop=budget 12.0s
[103/129] rich_3782 R@5=0.3333333333333333 calls=1 tools=0 stop=final 5.1s
[104/129] rich_3772 R@5=0.0 calls=1 tools=0 stop=final 5.1s
[105/129] rich_3296 R@5=0.0 calls=1 tools=0 stop=final 6.1s
[106/129] rich_3675 R@5=0.0 calls=5 tools=4 stop=final 18.4s
[107/129] rich_3676 R@5=0.0 calls=1 tools=0 stop=final 1.9s
[108/129] rich_3518 R@5=1.0 calls=1 tools=0 stop=final 4.6s
[109/129] rich_3535 R@5=1.0 calls=5 tools=4 stop=budget 10.4s
[110/129] rich_3521 R@5=1.0 calls=0 tools=0 stop=done 0.0s
[111/129] rich_3506 R@5=1.0 calls=0 tools=0 stop=done 0.0s
[112/129] rich_3480 R@5=0.0 calls=3 tools=3 stop=invalid_calls 5.1s
[113/129] rich_3472 R@5=0.0 calls=5 tools=4 stop=final 20.8s
[114/129] rich_3454 R@5=1.0 calls=0 tools=0 stop=done 0.0s
[115/129] rich_3471 R@5=1.0 calls=0 tools=0 stop=done 0.0s
[116/129] rich_3470 R@5=1.0 calls=5 tools=4 stop=budget 18.5s
[117/129] rich_3469 R@5=0.0 calls=5 tools=4 stop=budget 13.3s
[118/129] rich_3052 R@5=0.4 calls=0 tools=0 stop=done 0.1s
[120/129] rich_2943 R@5=1.0 calls=1 tools=0 stop=final 5.3s
[121/129] rich_2725 R@5=1.0 calls=1 tools=0 stop=final 9.6s
[123/129] rich_3130 R@5=0.3333333333333333 calls=1 tools=0 stop=final 6.4s
[125/129] rich_3067 R@5=0.0 calls=1 tools=0 stop=final 5.7s
[126/129] rich_3006 R@5=0.0 calls=0 tools=0 stop=done 0.0s
[127/129] rich_3064 R@5=0.0 calls=5 tools=4 stop=final 9.8s
[128/129] rich_3063 R@5=0.0 calls=5 tools=4 stop=final 17.0s
[129/129] rich_3061 R@5=0.2727272727272727 calls=1 tools=0 stop=final_empty 1.8s
=== 2026-10-04T06:35:29Z gemma4:e2b-it-qat agentless
[2/129] fastapi_15588 R@5=0.0 calls=2 tools=0 stop=done 10.8s
[3/129] fastapi_15589 R@5=0.0 calls=2 tools=0 stop=done 10.3s
[4/129] fastapi_15030 R@5=0.0 calls=2 tools=0 stop=done 8.0s
[5/129] fastapi_14962 R@5=0.0 calls=2 tools=0 stop=done 8.8s
[6/129] fastapi_15280 R@5=0.0 calls=2 tools=0 stop=done 7.7s
[7/129] fastapi_14964 R@5=1.0 calls=2 tools=0 stop=done 10.0s
[8/129] fastapi_15023 R@5=0.0 calls=2 tools=0 stop=done 12.1s
[9/129] fastapi_14986 R@5=1.0 calls=2 tools=0 stop=done 25.7s
[10/129] fastapi_14978 R@5=0.0 calls=2 tools=0 stop=done 7.4s
[11/129] requests_7505 R@5=0.3333333333333333 calls=2 tools=0 stop=done 44.3s
[12/129] requests_7502 R@5=1.0 calls=2 tools=0 stop=done 25.0s
[13/129] requests_7433 R@5=0.0 calls=2 tools=0 stop=done 16.5s
[14/129] requests_7427 R@5=1.0 calls=2 tools=0 stop=done 20.1s
[15/129] requests_7315 R@5=0.0 calls=2 tools=0 stop=done 13.0s
[16/129] requests_7328 R@5=0.0 calls=2 tools=0 stop=done 8.2s
[17/129] requests_7309 R@5=0.0 calls=2 tools=0 stop=done 14.2s
[18/129] requests_7205 R@5=1.0 calls=2 tools=0 stop=done 13.9s
[19/129] rich_4070 R@5=0.11764705882352941 calls=2 tools=0 stop=done 30.1s
[20/129] rich_4077 R@5=0.0 calls=2 tools=0 stop=done 24.3s
[21/129] rich_4079 R@5=0.0 calls=2 tools=0 stop=done 25.8s
[22/129] rich_4076 R@5=0.0 calls=2 tools=0 stop=done 24.0s
[23/129] rich_4075 R@5=0.0 calls=2 tools=0 stop=done 106.2s
[24/129] rich_4006 R@5=1.0 calls=2 tools=0 stop=done 24.0s
[25/129] fastapi_14258 R@5=0.0 calls=2 tools=0 stop=done 10.3s
[26/129] fastapi_14851 R@5=0.5 calls=2 tools=0 stop=done 11.3s
[27/129] fastapi_14873 R@5=1.0 calls=2 tools=0 stop=done 8.7s
[28/129] fastapi_13920 R@5=0.0 calls=2 tools=0 stop=done 9.3s
[29/129] fastapi_14794 R@5=1.0 calls=2 tools=0 stop=done 8.3s
[30/129] fastapi_14786 R@5=0.0 calls=2 tools=0 stop=done 9.7s
[32/129] fastapi_14479 R@5=1.0 calls=2 tools=0 stop=done 12.9s
[33/129] fastapi_14463 R@5=0.0 calls=2 tools=0 stop=done 13.3s
[34/129] fastapi_12942 R@5=0.0 calls=2 tools=0 stop=done 8.1s
[35/129] fastapi_14099 R@5=0.6666666666666666 calls=2 tools=0 stop=done 6.5s
[36/129] fastapi_14609 R@5=0.00847457627118644 calls=2 tools=0 stop=done 16.6s
[37/129] fastapi_14372 R@5=0.0 calls=2 tools=0 stop=done 10.9s
[38/129] fastapi_14349 R@5=0.0 calls=2 tools=0 stop=done 13.1s
[39/129] fastapi_14512 R@5=0.0 calls=2 tools=0 stop=done 7.4s
[40/129] fastapi_14487 R@5=0.0 calls=2 tools=0 stop=done 8.2s
[41/129] fastapi_11355 R@5=0.0 calls=2 tools=0 stop=done 8.3s
[42/129] fastapi_14485 R@5=0.0 calls=2 tools=0 stop=done 37.5s
[43/129] fastapi_14482 R@5=0.0 calls=2 tools=0 stop=done 24.0s
[44/129] fastapi_14306 R@5=0.0 calls=2 tools=0 stop=done 25.2s
[45/129] fastapi_14458 R@5=1.0 calls=2 tools=0 stop=done 25.4s
[46/129] fastapi_14459 R@5=0.0 calls=2 tools=0 stop=done 24.9s
[47/129] fastapi_14448 R@5=0.0 calls=2 tools=0 stop=done 24.1s
[48/129] fastapi_14455 R@5=0.0 calls=2 tools=0 stop=done 21.1s
[49/129] fastapi_9753 R@5=0.0 calls=2 tools=0 stop=done 26.5s
[50/129] fastapi_14430 R@5=0.0 calls=2 tools=0 stop=done 21.5s
[51/129] fastapi_5077 R@5=1.0 calls=2 tools=0 stop=done 24.9s
[52/129] fastapi_9555 R@5=0.0 calls=2 tools=0 stop=done 27.6s
[53/129] fastapi_14361 R@5=0.0 calls=2 tools=0 stop=done 18.8s
[54/129] fastapi_13207 R@5=0.5 calls=2 tools=0 stop=done 19.4s
[55/129] fastapi_14360 R@5=1.0 calls=2 tools=0 stop=done 20.5s
[56/129] fastapi_14356 R@5=0.0 calls=2 tools=0 stop=done 22.1s
[57/129] fastapi_5624 R@5=1.0 calls=2 tools=0 stop=done 18.6s
[58/129] fastapi_14419 R@5=0.2 calls=2 tools=0 stop=done 21.6s
[59/129] fastapi_14301 R@5=0.0 calls=2 tools=0 stop=done 23.2s
[60/129] fastapi_14262 R@5=0.0625 calls=2 tools=0 stop=done 22.9s
[61/129] fastapi_14266 R@5=0.0 calls=2 tools=0 stop=done 19.9s
[62/129] fastapi_14246 R@5=0.0 calls=2 tools=0 stop=done 19.7s
[63/129] fastapi_14186 R@5=0.0 calls=2 tools=0 stop=done 38.2s
[64/129] fastapi_9425 R@5=1.0 calls=2 tools=0 stop=done 18.6s
[65/129] fastapi_13713 R@5=0.3333333333333333 calls=2 tools=0 stop=done 18.0s
[66/129] fastapi_14077 R@5=0.0 calls=2 tools=0 stop=done 23.4s
[67/129] rich_3718 R@5=0.0 calls=2 tools=0 stop=done 28.7s
[68/129] rich_3934 R@5=0.0 calls=2 tools=0 stop=done 98.8s
[69/129] rich_3953 R@5=0.0 calls=2 tools=0 stop=done 45.1s
[70/129] rich_3944 R@5=0.0 calls=2 tools=0 stop=done 106.3s
[71/129] rich_3942 R@5=0.25 calls=2 tools=0 stop=done 28.4s
[72/129] rich_3938 R@5=0.0 calls=2 tools=0 stop=done 28.1s
[73/129] rich_3882 R@5=0.0 calls=2 tools=0 stop=done 27.4s
[74/129] rich_3894 R@5=0.0 calls=2 tools=0 stop=done 30.4s
[75/129] rich_3935 R@5=0.5 calls=2 tools=0 stop=done 25.8s
[76/129] rich_3905 R@5=0.0 calls=2 tools=0 stop=done 29.8s
[77/129] rich_3930 R@5=0.0 calls=2 tools=0 stop=done 39.8s
[78/129] httpx_3672 R@5=0.09523809523809523 calls=2 tools=0 stop=done 8.1s
[80/129] fastapi_15800 R@5=0.0 calls=2 tools=0 stop=done 29.5s
[81/129] fastapi_15785 R@5=0.0 calls=2 tools=0 stop=done 35.8s
[82/129] fastapi_14371 R@5=0.0 calls=2 tools=0 stop=done 30.3s
[83/129] fastapi_14605 R@5=0.0 calls=2 tools=0 stop=done 45.7s
[84/129] fastapi_15763 R@5=0.0 calls=2 tools=0 stop=done 32.1s
[85/129] fastapi_14583 R@5=0.0 calls=2 tools=0 stop=done 28.2s
[86/129] fastapi_15745 R@5=0.21052631578947367 calls=2 tools=0 stop=done 39.0s
[87/129] fastapi_14297 R@5=1.0 calls=2 tools=0 stop=done 28.9s
[88/129] fastapi_14303 R@5=0.0 calls=2 tools=0 stop=done 31.2s
[89/129] fastapi_13537 R@5=0.0 calls=2 tools=0 stop=done 25.8s
[90/129] fastapi_14953 R@5=0.0 calls=2 tools=0 stop=done 31.4s
[91/129] fastapi_13786 R@5=0.07407407407407407 calls=2 tools=0 stop=done 41.8s
[92/129] fastapi_14616 R@5=1.0 calls=2 tools=0 stop=done 28.6s
[93/129] fastapi_11194 R@5=0.0 calls=2 tools=0 stop=done 23.5s
[94/129] requests_6757 R@5=0.0 calls=2 tools=0 stop=done 91.8s
[95/129] requests_6629 R@5=1.0 calls=2 tools=0 stop=done 14.1s
[96/129] requests_6644 R@5=0.0 calls=2 tools=0 stop=done 14.5s
[97/129] requests_6589 R@5=1.0 calls=2 tools=0 stop=done 21.7s
=== 2026-10-04T07:14:52Z gemma4:e2b-it-qat mdn
=== 2026-10-04T07:14:52Z gemma4:e2b-it-qat gdn
=== 2026-10-04T07:14:52Z gemma4:e2b-it-qat agentless
[99/129] rich_3180 R@5=0.0 calls=2 tools=0 stop=done 89.5s
[100/129] rich_3486 R@5=0.0 calls=2 tools=0 stop=done 28.2s
[101/129] rich_3777 R@5=0.5 calls=2 tools=0 stop=done 27.2s
[102/129] rich_3468 R@5=0.0 calls=2 tools=0 stop=done 28.7s
[103/129] rich_3782 R@5=0.16666666666666666 calls=2 tools=0 stop=done 27.2s
[104/129] rich_3772 R@5=0.0 calls=2 tools=0 stop=done 35.3s
[105/129] rich_3296 R@5=0.0 calls=2 tools=0 stop=done 30.4s
[106/129] rich_3675 R@5=0.0 calls=2 tools=0 stop=done 29.6s
[107/129] rich_3676 R@5=0.0 calls=2 tools=0 stop=done 31.2s
[108/129] rich_3518 R@5=1.0 calls=2 tools=0 stop=done 13.3s
[109/129] rich_3535 R@5=1.0 calls=2 tools=0 stop=done 34.0s
[110/129] rich_3521 R@5=1.0 calls=2 tools=0 stop=done 12.7s
[111/129] rich_3506 R@5=1.0 calls=2 tools=0 stop=done 13.5s
[112/129] rich_3480 R@5=0.0 calls=2 tools=0 stop=done 33.2s
[113/129] rich_3472 R@5=0.0 calls=2 tools=0 stop=done 44.1s
[114/129] rich_3454 R@5=0.0 calls=2 tools=0 stop=done 64.9s
[115/129] rich_3471 R@5=1.0 calls=2 tools=0 stop=done 54.9s
[116/129] rich_3470 R@5=0.0 calls=2 tools=0 stop=done 46.7s
[117/129] rich_3469 R@5=0.0 calls=2 tools=0 stop=done 167.7s
[118/129] rich_3052 R@5=0.4 calls=2 tools=0 stop=done 51.3s
[120/129] rich_2943 R@5=0.0 calls=2 tools=0 stop=done 49.2s
[121/129] rich_2725 R@5=0.0 calls=2 tools=0 stop=done 30.3s
[123/129] rich_3130 R@5=1.0 calls=2 tools=0 stop=done 27.8s
[125/129] rich_3067 R@5=0.0 calls=2 tools=0 stop=done 53.4s
[126/129] rich_3006 R@5=0.0 calls=2 tools=0 stop=done 58.9s
[127/129] rich_3064 R@5=0.0 calls=2 tools=0 stop=done 43.7s
[128/129] rich_3063 R@5=0.0 calls=2 tools=0 stop=done 38.9s
[129/129] rich_3061 R@5=0.2727272727272727 calls=2 tools=0 stop=done 38.3s
=== 2026-10-04T07:35:03Z gemma4:e2b-it-qat no_retrieval
[41/129] fastapi_11355 R@5=0.0 calls=1 tools=0 stop=done 103.5s
[42/129] fastapi_14485 R@5=0.0 calls=1 tools=0 stop=done 7.4s
[43/129] fastapi_14482 R@5=0.0 calls=1 tools=0 stop=done 7.0s
[44/129] fastapi_14306 R@5=0.1 calls=1 tools=0 stop=done 7.3s
[45/129] fastapi_14458 R@5=1.0 calls=1 tools=0 stop=done 8.2s
[46/129] fastapi_14459 R@5=0.0 calls=1 tools=0 stop=done 7.1s
[47/129] fastapi_14448 R@5=0.0 calls=1 tools=0 stop=done 122.7s
[48/129] fastapi_14455 R@5=0.0 calls=1 tools=0 stop=done 7.0s
[49/129] fastapi_9753 R@5=0.0 calls=1 tools=0 stop=done 7.1s
[50/129] fastapi_14430 R@5=0.0 calls=1 tools=0 stop=done 125.3s
[51/129] fastapi_5077 R@5=1.0 calls=1 tools=0 stop=done 7.8s
[52/129] fastapi_9555 R@5=0.0 calls=1 tools=0 stop=done 6.7s
[53/129] fastapi_14361 R@5=0.0 calls=1 tools=0 stop=done 6.7s
[54/129] fastapi_13207 R@5=0.5 calls=1 tools=0 stop=done 6.8s
[55/129] fastapi_14360 R@5=1.0 calls=1 tools=0 stop=done 7.5s
[56/129] fastapi_14356 R@5=0.0 calls=1 tools=0 stop=done 7.4s
[57/129] fastapi_5624 R@5=1.0 calls=1 tools=0 stop=done 7.4s
[58/129] fastapi_14419 R@5=0.2 calls=1 tools=0 stop=done 7.2s
[59/129] fastapi_14301 R@5=1.0 calls=1 tools=0 stop=done 6.9s
[60/129] fastapi_14262 R@5=0.0625 calls=1 tools=0 stop=done 6.8s
[61/129] fastapi_14266 R@5=0.0 calls=1 tools=0 stop=done 6.7s
[62/129] fastapi_14246 R@5=0.0 calls=1 tools=0 stop=done 23.3s
[63/129] fastapi_14186 R@5=0.0 calls=1 tools=0 stop=done 94.8s
[64/129] fastapi_9425 R@5=0.0 calls=1 tools=0 stop=done 125.7s
[65/129] fastapi_13713 R@5=0.3333333333333333 calls=1 tools=0 stop=done 6.5s
[66/129] fastapi_14077 R@5=0.0 calls=1 tools=0 stop=done 118.9s
[67/129] rich_3718 R@5=0.0 calls=1 tools=0 stop=done 5.6s
[68/129] rich_3934 R@5=0.0 calls=1 tools=0 stop=done 5.6s
[69/129] rich_3953 R@5=0.0 calls=1 tools=0 stop=done 6.8s
[70/129] rich_3944 R@5=0.0 calls=1 tools=0 stop=done 5.8s
[71/129] rich_3942 R@5=0.25 calls=1 tools=0 stop=done 10.8s
[72/129] rich_3938 R@5=0.5 calls=1 tools=0 stop=done 5.6s
[73/129] rich_3882 R@5=0.0 calls=1 tools=0 stop=done 4.9s
[74/129] rich_3894 R@5=0.0 calls=1 tools=0 stop=done 5.8s
[75/129] rich_3935 R@5=0.5 calls=1 tools=0 stop=done 6.2s
[76/129] rich_3905 R@5=0.0 calls=1 tools=0 stop=done 6.1s
[77/129] rich_3930 R@5=0.0 calls=1 tools=0 stop=done 7.0s
[78/129] httpx_3672 R@5=0.09523809523809523 calls=1 tools=0 stop=done 5.8s
[80/129] fastapi_15800 R@5=0.0 calls=1 tools=0 stop=done 7.5s
[81/129] fastapi_15785 R@5=0.0 calls=1 tools=0 stop=done 8.6s
[82/129] fastapi_14371 R@5=0.0 calls=1 tools=0 stop=done 25.2s
[83/129] fastapi_14605 R@5=0.25 calls=1 tools=0 stop=done 7.2s
[84/129] fastapi_15763 R@5=0.0 calls=1 tools=0 stop=done 6.8s
[85/129] fastapi_14583 R@5=0.0 calls=1 tools=0 stop=done 18.4s
[86/129] fastapi_15745 R@5=0.21052631578947367 calls=1 tools=0 stop=done 8.0s
[87/129] fastapi_14297 R@5=1.0 calls=1 tools=0 stop=done 6.9s
[88/129] fastapi_14303 R@5=0.0 calls=1 tools=0 stop=done 7.3s
[89/129] fastapi_13537 R@5=0.0 calls=1 tools=0 stop=done 7.2s
[90/129] fastapi_14953 R@5=0.0 calls=1 tools=0 stop=done 6.7s
[91/129] fastapi_13786 R@5=0.07407407407407407 calls=1 tools=0 stop=done 9.5s
[92/129] fastapi_14616 R@5=1.0 calls=1 tools=0 stop=done 7.1s
[93/129] fastapi_11194 R@5=0.0 calls=1 tools=0 stop=done 5.8s
[94/129] requests_6757 R@5=0.0 calls=1 tools=0 stop=done 3.4s
[95/129] requests_6629 R@5=1.0 calls=1 tools=0 stop=done 4.0s
[96/129] requests_6644 R@5=0.0 calls=1 tools=0 stop=done 3.1s
[97/129] requests_6589 R@5=1.0 calls=1 tools=0 stop=done 3.4s
[99/129] rich_3180 R@5=0.0 calls=1 tools=0 stop=done 5.5s
[100/129] rich_3486 R@5=0.0 calls=1 tools=0 stop=done 4.8s
[101/129] rich_3777 R@5=0.5 calls=1 tools=0 stop=done 9.0s
[102/129] rich_3468 R@5=0.0 calls=1 tools=0 stop=done 6.2s
[103/129] rich_3782 R@5=0.5 calls=1 tools=0 stop=done 5.5s
[104/129] rich_3772 R@5=0.0 calls=1 tools=0 stop=done 5.3s
[105/129] rich_3296 R@5=0.0 calls=1 tools=0 stop=done 5.0s
[106/129] rich_3675 R@5=0.0 calls=1 tools=0 stop=done 5.0s
[107/129] rich_3676 R@5=0.0 calls=1 tools=0 stop=done 5.2s
[108/129] rich_3518 R@5=1.0 calls=1 tools=0 stop=done 4.7s
[109/129] rich_3535 R@5=1.0 calls=1 tools=0 stop=done 7.3s
[110/129] rich_3521 R@5=1.0 calls=1 tools=0 stop=done 5.9s
[111/129] rich_3506 R@5=1.0 calls=1 tools=0 stop=done 6.5s
[112/129] rich_3480 R@5=0.0 calls=1 tools=0 stop=done 5.9s
[113/129] rich_3472 R@5=0.0 calls=1 tools=0 stop=done 6.0s
[114/129] rich_3454 R@5=0.0 calls=1 tools=0 stop=done 6.6s
[115/129] rich_3471 R@5=1.0 calls=1 tools=0 stop=done 5.5s
[116/129] rich_3470 R@5=1.0 calls=1 tools=0 stop=done 5.3s
[117/129] rich_3469 R@5=0.0 calls=1 tools=0 stop=done 5.5s
[118/129] rich_3052 R@5=0.4 calls=1 tools=0 stop=done 5.1s
[120/129] rich_2943 R@5=1.0 calls=1 tools=0 stop=done 5.4s
[121/129] rich_2725 R@5=0.0 calls=1 tools=0 stop=done 5.1s
[123/129] rich_3130 R@5=0.6666666666666666 calls=1 tools=0 stop=done 5.0s
[125/129] rich_3067 R@5=0.0 calls=1 tools=0 stop=done 5.2s
[126/129] rich_3006 R@5=0.0 calls=1 tools=0 stop=done 5.2s
[127/129] rich_3064 R@5=0.0 calls=1 tools=0 stop=done 5.2s
[128/129] rich_3063 R@5=0.0 calls=1 tools=0 stop=done 5.3s
[129/129] rich_3061 R@5=0.2727272727272727 calls=1 tools=0 stop=done 5.8s
=== 2026-10-04T07:55:50Z gemma4:e4b-mlx mdn
[2/129] fastapi_15588 R@5=0.0 calls=8 tools=6 stop=final 97.8s
[3/129] fastapi_15589 R@5=0.0 calls=5 tools=1 stop=final 27.2s
[4/129] fastapi_15030 R@5=0.0 calls=7 tools=6 stop=final 57.5s
[5/129] fastapi_14962 R@5=0.0 calls=5 tools=2 stop=final 33.0s
[6/129] fastapi_15280 R@5=0.0 calls=5 tools=2 stop=final 32.3s
[7/129] fastapi_14964 R@5=1.0 calls=9 tools=8 stop=final 81.3s
[8/129] fastapi_15023 R@5=0.0 calls=5 tools=2 stop=final 42.0s
[9/129] fastapi_14986 R@5=1.0 calls=7 tools=5 stop=final 80.3s
[10/129] fastapi_14978 R@5=0.0 calls=5 tools=2 stop=final 20.0s
[11/129] requests_7505 R@5=0.6666666666666666 calls=9 tools=8 stop=final 101.6s
[12/129] requests_7502 R@5=1.0 calls=6 tools=5 stop=final 99.2s
[13/129] requests_7433 R@5=1.0 calls=6 tools=5 stop=final 35.0s
[14/129] requests_7427 R@5=1.0 calls=9 tools=8 stop=budget 83.8s
[15/129] requests_7315 R@5=1.0 calls=3 tools=2 stop=final 29.9s
[16/129] requests_7328 R@5=0.0 calls=3 tools=2 stop=final 42.5s
[17/129] requests_7309 R@5=1.0 calls=2 tools=1 stop=final 21.9s
[18/129] requests_7205 R@5=1.0 calls=9 tools=7 stop=final_empty 49.0s
[19/129] rich_4070 R@5=0.11764705882352941 calls=5 tools=3 stop=final 62.2s
[20/129] rich_4077 R@5=0.0 calls=9 tools=8 stop=budget 101.5s
[21/129] rich_4079 R@5=0.0 calls=6 tools=4 stop=final 41.8s
[22/129] rich_4076 R@5=0.0 calls=4 tools=2 stop=final 56.3s
[23/129] rich_4075 R@5=0.0 calls=8 tools=6 stop=final 72.4s
[24/129] rich_4006 R@5=1.0 calls=6 tools=5 stop=final 108.7s
[25/129] fastapi_14258 R@5=0.0 calls=7 tools=4 stop=final 24.7s
[26/129] fastapi_14851 R@5=0.5 calls=6 tools=5 stop=final 70.4s
[27/129] fastapi_14873 R@5=1.0 calls=7 tools=6 stop=final 119.5s
[28/129] fastapi_13920 R@5=0.0 calls=5 tools=2 stop=final 25.4s
[29/129] fastapi_14794 R@5=1.0 calls=7 tools=6 stop=final 87.5s
[30/129] fastapi_14786 R@5=1.0 calls=3 tools=1 stop=final 19.8s
[32/129] fastapi_14479 R@5=1.0 calls=7 tools=6 stop=final 181.2s
[33/129] fastapi_14463 R@5=0.0 calls=3 tools=1 stop=final_empty 45.5s
[34/129] fastapi_12942 R@5=0.0 calls=3 tools=1 stop=final 43.9s
[35/129] fastapi_14099 R@5=0.0 calls=9 tools=7 stop=final 77.1s
[36/129] fastapi_14609 R@5=0.00847457627118644 calls=9 tools=8 stop=budget 116.3s
[37/129] fastapi_14372 R@5=0.6666666666666666 calls=4 tools=3 stop=final 43.9s
[38/129] fastapi_14349 R@5=0.0 calls=4 tools=2 stop=final 64.7s
[39/129] fastapi_14512 R@5=0.0 calls=9 tools=8 stop=budget 115.1s
[40/129] fastapi_14487 R@5=0.0 calls=5 tools=2 stop=final 31.9s
[41/129] fastapi_11355 R@5=0.0 calls=5 tools=2 stop=final 77.9s
[42/129] fastapi_14485 R@5=0.0 calls=5 tools=2 stop=final 42.5s
[43/129] fastapi_14482 R@5=0.0 calls=5 tools=2 stop=final 26.0s
[44/129] fastapi_14306 R@5=0.1 calls=8 tools=6 stop=final 122.5s
[45/129] fastapi_14458 R@5=1.0 calls=7 tools=6 stop=final 72.2s
[46/129] fastapi_14459 R@5=0.0 calls=9 tools=8 stop=budget 162.4s
OSError: [Errno 28] No space left on device

During handling of the above exception, another exception occurred:

Traceback (most recent call last):
  File "/Users/jatinpandey/Downloads/Google Gemma 4/scripts/run_experiment.py", line 149, in <module>
    main()
    ~~~~^^
  File "/Users/jatinpandey/Downloads/Google Gemma 4/scripts/run_experiment.py", line 141, in main
    with open(out, "a") as f:
         ~~~~^^^^^^^^^^
OSError: [Errno 28] No space left on device
=== 2026-10-04T08:46:06Z gemma4:e4b-mlx gdn
[2/129] fastapi_15588 R@5=0.0 calls=0 tools=0 stop=done 0.0s
=== 2026-10-04T08:57:19Z gemma4:e4b-it-qat mdn
[2/129] fastapi_15588 R@5=0.0 calls=3 tools=1 stop=final 15.7s
[3/129] fastapi_15589 R@5=0.0 calls=5 tools=1 stop=final_empty 19.8s
[4/129] fastapi_15030 R@5=0.0 calls=8 tools=7 stop=final_empty 56.9s
[5/129] fastapi_14962 R@5=0.0 calls=7 tools=5 stop=final 77.0s
[6/129] fastapi_15280 R@5=0.0 calls=2 tools=0 stop=final 18.9s
[7/129] fastapi_14964 R@5=1.0 calls=5 tools=4 stop=final 36.6s
[8/129] fastapi_15023 R@5=0.0 calls=2 tools=0 stop=final 20.5s
[9/129] fastapi_14986 R@5=1.0 calls=9 tools=8 stop=final 108.3s
[10/129] fastapi_14978 R@5=0.0 calls=9 tools=6 stop=final_empty 103.3s
[11/129] requests_7505 R@5=0.6666666666666666 calls=9 tools=7 stop=final_empty 118.3s
[12/129] requests_7502 R@5=1.0 calls=6 tools=5 stop=final 193.0s
[13/129] requests_7433 R@5=1.0 calls=4 tools=3 stop=final 33.6s
[14/129] requests_7427 R@5=1.0 calls=9 tools=8 stop=budget 98.3s
[15/129] requests_7315 R@5=1.0 calls=4 tools=3 stop=final 35.9s
[16/129] requests_7328 R@5=0.0 calls=6 tools=5 stop=final 105.5s
[17/129] requests_7309 R@5=1.0 calls=3 tools=2 stop=final 59.7s
[18/129] requests_7205 R@5=1.0 calls=11 tools=7 stop=final_empty 74.7s
[19/129] rich_4070 R@5=0.058823529411764705 calls=8 tools=2 stop=final 79.7s
[20/129] rich_4077 R@5=1.0 calls=7 tools=4 stop=final 70.7s
[21/129] rich_4079 R@5=0.0 calls=2 tools=0 stop=final 17.1s
[22/129] rich_4076 R@5=0.0 calls=3 tools=1 stop=final 24.2s
[23/129] rich_4075 R@5=0.0 calls=2 tools=0 stop=final 28.1s
[24/129] rich_4006 R@5=1.0 calls=5 tools=4 stop=final 272.6s
[25/129] fastapi_14258 R@5=0.0 calls=9 tools=8 stop=budget 151.8s
[26/129] fastapi_14851 R@5=0.5 calls=3 tools=2 stop=final 32.6s
[27/129] fastapi_14873 R@5=1.0 calls=8 tools=7 stop=final 89.3s
[28/129] fastapi_13920 R@5=0.0 calls=6 tools=3 stop=final 22.5s
[29/129] fastapi_14794 R@5=1.0 calls=3 tools=2 stop=final 80.1s
[30/129] fastapi_14786 R@5=1.0 calls=1 tools=0 stop=final 14.6s
[32/129] fastapi_14479 R@5=1.0 calls=7 tools=7 stop=invalid_calls 81.8s
[33/129] fastapi_14463 R@5=0.0 calls=8 tools=7 stop=final 126.7s
[34/129] fastapi_12942 R@5=0.0 calls=6 tools=4 stop=final_empty 102.7s
[35/129] fastapi_14099 R@5=0.0 calls=8 tools=6 stop=final 108.5s
[36/129] fastapi_14609 R@5=0.00847457627118644 calls=9 tools=7 stop=final_empty 102.2s
[37/129] fastapi_14372 R@5=0.0 calls=9 tools=8 stop=budget 141.5s
[38/129] fastapi_14349 R@5=0.0 calls=8 tools=6 stop=final 83.0s
[39/129] fastapi_14512 R@5=0.0 calls=5 tools=4 stop=final 121.1s
[40/129] fastapi_14487 R@5=0.0 calls=3 tools=1 stop=final 18.7s
[41/129] fastapi_11355 R@5=0.0 calls=4 tools=2 stop=final 35.7s
[42/129] fastapi_14485 R@5=0.0 calls=9 tools=8 stop=budget 115.7s
[43/129] fastapi_14482 R@5=0.0 calls=9 tools=8 stop=budget 46.2s
[44/129] fastapi_14306 R@5=0.1 calls=9 tools=7 stop=final 88.4s
[45/129] fastapi_14458 R@5=1.0 calls=9 tools=8 stop=final 187.8s
[46/129] fastapi_14459 R@5=0.0 calls=8 tools=6 stop=final 54.9s
[47/129] fastapi_14448 R@5=0.0 calls=6 tools=2 stop=final_empty 77.1s
[48/129] fastapi_14455 R@5=0.0 calls=9 tools=8 stop=budget 68.1s
[49/129] fastapi_9753 R@5=0.0 calls=9 tools=8 stop=budget 120.5s
[50/129] fastapi_14430 R@5=0.0 calls=7 tools=4 stop=final 52.1s
[51/129] fastapi_5077 R@5=1.0 calls=1 tools=0 stop=final 27.1s
[52/129] fastapi_9555 R@5=0.0 calls=9 tools=7 stop=final_empty 82.3s
[53/129] fastapi_14361 R@5=0.0 calls=7 tools=5 stop=final 43.5s
[54/129] fastapi_13207 R@5=0.0 calls=9 tools=7 stop=final 96.2s
[55/129] fastapi_14360 R@5=1.0 calls=9 tools=8 stop=budget 74.9s
[56/129] fastapi_14356 R@5=0.0 calls=5 tools=3 stop=final 59.8s
[57/129] fastapi_5624 R@5=0.0 calls=3 tools=1 stop=final 11.3s
[58/129] fastapi_14419 R@5=0.4 calls=8 tools=5 stop=final_empty 48.5s
[59/129] fastapi_14301 R@5=1.0 calls=5 tools=4 stop=final 72.2s
[60/129] fastapi_14262 R@5=0.125 calls=5 tools=2 stop=final 40.9s
[61/129] fastapi_14266 R@5=0.0 calls=8 tools=7 stop=final 64.4s
[62/129] fastapi_14246 R@5=0.0 calls=7 tools=3 stop=final 43.6s
[63/129] fastapi_14186 R@5=0.0 calls=6 tools=5 stop=final_empty 114.6s
[64/129] fastapi_9425 R@5=1.0 calls=8 tools=6 stop=final 66.9s
[65/129] fastapi_13713 R@5=0.3333333333333333 calls=6 tools=5 stop=final 75.6s
[66/129] fastapi_14077 R@5=0.0 calls=9 tools=8 stop=budget 94.5s
[67/129] rich_3718 R@5=1.0 calls=6 tools=4 stop=final 48.6s
[68/129] rich_3934 R@5=0.0 calls=7 tools=5 stop=final_empty 70.9s
[69/129] rich_3953 R@5=0.0 calls=6 tools=5 stop=final 61.8s
[70/129] rich_3944 R@5=0.0 calls=5 tools=3 stop=final 34.2s
[71/129] rich_3942 R@5=0.25 calls=7 tools=5 stop=final 36.0s
[72/129] rich_3938 R@5=0.0 calls=6 tools=1 stop=final 39.5s
[73/129] rich_3882 R@5=1.0 calls=3 tools=2 stop=final 46.6s
[74/129] rich_3894 R@5=0.0 calls=7 tools=5 stop=final_empty 71.1s
[75/129] rich_3935 R@5=0.0 calls=2 tools=0 stop=final 13.8s
[76/129] rich_3905 R@5=1.0 calls=4 tools=3 stop=final 45.4s
[77/129] rich_3930 R@5=0.0 calls=9 tools=8 stop=final 113.8s
[78/129] httpx_3672 R@5=0.09523809523809523 calls=8 tools=6 stop=final 53.5s
[80/129] fastapi_15800 R@5=0.0 calls=9 tools=5 stop=final_empty 92.2s
[81/129] fastapi_15785 R@5=0.0 calls=6 tools=5 stop=final_empty 69.7s
[82/129] fastapi_14371 R@5=0.0 calls=11 tools=6 stop=final 66.5s
[83/129] fastapi_14605 R@5=0.25 calls=8 tools=6 stop=final_empty 85.7s
[84/129] fastapi_15763 R@5=0.0 calls=3 tools=1 stop=final 22.1s
[85/129] fastapi_14583 R@5=0.0 calls=9 tools=8 stop=budget 75.6s
[86/129] fastapi_15745 R@5=0.21052631578947367 calls=9 tools=7 stop=final 142.4s
[87/129] fastapi_14297 R@5=1.0 calls=1 tools=0 stop=final 23.5s
[88/129] fastapi_14303 R@5=0.0 calls=5 tools=4 stop=final_empty 172.5s
[89/129] fastapi_13537 R@5=0.0 calls=3 tools=2 stop=final 149.0s
[90/129] fastapi_14953 R@5=0.0 calls=9 tools=8 stop=final 102.0s
[91/129] fastapi_13786 R@5=0.1111111111111111 calls=7 tools=5 stop=final 74.9s
[92/129] fastapi_14616 R@5=1.0 calls=9 tools=8 stop=final 116.1s
[93/129] fastapi_11194 R@5=0.0 calls=8 tools=7 stop=final 105.2s
[94/129] requests_6757 R@5=0.0 calls=6 tools=3 stop=final_empty 39.8s
[95/129] requests_6629 R@5=1.0 calls=3 tools=2 stop=final 26.0s
[96/129] requests_6644 R@5=0.0 calls=9 tools=8 stop=final 136.0s
[97/129] requests_6589 R@5=1.0 calls=5 tools=4 stop=final 42.5s
[99/129] rich_3180 R@5=0.0 calls=4 tools=1 stop=final 25.6s
[100/129] rich_3486 R@5=0.16666666666666666 calls=9 tools=8 stop=final 84.8s
[101/129] rich_3777 R@5=0.5 calls=8 tools=6 stop=final_empty 63.8s
[102/129] rich_3468 R@5=0.0 calls=5 tools=2 stop=final 13.6s
[103/129] rich_3782 R@5=0.3333333333333333 calls=7 tools=5 stop=final 42.3s
[104/129] rich_3772 R@5=0.0 calls=7 tools=5 stop=final 74.7s
[105/129] rich_3296 R@5=0.0 calls=7 tools=2 stop=final 57.8s
[106/129] rich_3675 R@5=0.0 calls=3 tools=1 stop=final 31.3s
[107/129] rich_3676 R@5=0.0 calls=6 tools=5 stop=final 79.8s
[108/129] rich_3518 R@5=1.0 calls=6 tools=5 stop=final 56.5s
[109/129] rich_3535 R@5=1.0 calls=6 tools=5 stop=final 69.7s
[110/129] rich_3521 R@5=1.0 calls=7 tools=6 stop=final 47.7s
[111/129] rich_3506 R@5=1.0 calls=3 tools=1 stop=final 8.0s
[112/129] rich_3480 R@5=0.0 calls=6 tools=4 stop=final_empty 79.2s
[113/129] rich_3472 R@5=0.0 calls=2 tools=0 stop=final 11.5s
[114/129] rich_3454 R@5=1.0 calls=8 tools=7 stop=final 69.5s
[115/129] rich_3471 R@5=1.0 calls=7 tools=5 stop=final 86.9s
[116/129] rich_3470 R@5=1.0 calls=5 tools=4 stop=final 102.3s
[117/129] rich_3469 R@5=0.0 calls=4 tools=2 stop=final 86.4s
[118/129] rich_3052 R@5=0.8 calls=9 tools=8 stop=final 135.8s
[120/129] rich_2943 R@5=0.0 calls=3 tools=1 stop=final 33.5s
[121/129] rich_2725 R@5=0.0 calls=8 tools=7 stop=final_empty 168.7s
[123/129] rich_3130 R@5=1.0 calls=7 tools=6 stop=final 74.9s
[125/129] rich_3067 R@5=0.0 calls=5 tools=3 stop=final 135.9s
[126/129] rich_3006 R@5=0.0 calls=8 tools=7 stop=final 292.9s
[127/129] rich_3064 R@5=0.0 calls=8 tools=6 stop=final 106.8s
[128/129] rich_3063 R@5=0.0 calls=3 tools=1 stop=final 18.3s
[129/129] rich_3061 R@5=0.2727272727272727 calls=4 tools=3 stop=final 116.8s
=== 2026-10-04T11:31:05Z gemma4:e4b-it-qat gdn
[2/129] fastapi_15588 R@5=0.0 calls=0 tools=0 stop=done 0.0s
[3/129] fastapi_15589 R@5=0.0 calls=7 tools=3 stop=budget 52.3s
[4/129] fastapi_15030 R@5=0.0 calls=0 tools=0 stop=done 0.0s
[5/129] fastapi_14962 R@5=0.0 calls=4 tools=3 stop=final 45.4s
[6/129] fastapi_15280 R@5=1.0 calls=6 tools=3 stop=final_empty 36.4s
[7/129] fastapi_14964 R@5=1.0 calls=0 tools=0 stop=done 0.0s
[8/129] fastapi_15023 R@5=0.0 calls=5 tools=3 stop=final 61.6s
[9/129] fastapi_14986 R@5=0.5 calls=0 tools=0 stop=done 0.0s
[10/129] fastapi_14978 R@5=0.0 calls=5 tools=4 stop=budget 83.3s
[11/129] requests_7505 R@5=0.3333333333333333 calls=0 tools=0 stop=done 0.0s
[12/129] requests_7502 R@5=1.0 calls=0 tools=0 stop=done 0.0s
[13/129] requests_7433 R@5=1.0 calls=0 tools=0 stop=done 0.0s
[14/129] requests_7427 R@5=1.0 calls=3 tools=2 stop=final 116.4s
[15/129] requests_7315 R@5=1.0 calls=0 tools=0 stop=done 0.0s
[16/129] requests_7328 R@5=0.0 calls=0 tools=0 stop=done 0.0s
[17/129] requests_7309 R@5=1.0 calls=0 tools=0 stop=done 0.0s
[18/129] requests_7205 R@5=1.0 calls=3 tools=2 stop=final 113.0s
[19/129] rich_4070 R@5=0.11764705882352941 calls=0 tools=0 stop=done 0.0s
[20/129] rich_4077 R@5=0.0 calls=5 tools=4 stop=final_empty 61.9s
[21/129] rich_4079 R@5=0.0 calls=5 tools=4 stop=final 64.0s
[22/129] rich_4076 R@5=0.0 calls=5 tools=3 stop=final 175.5s
[23/129] rich_4075 R@5=0.0 calls=3 tools=2 stop=final 68.5s
[24/129] rich_4006 R@5=1.0 calls=0 tools=0 stop=done 0.1s
[25/129] fastapi_14258 R@5=0.0 calls=5 tools=4 stop=final 63.7s
[26/129] fastapi_14851 R@5=0.5 calls=0 tools=0 stop=done 0.0s
[27/129] fastapi_14873 R@5=1.0 calls=0 tools=0 stop=done 0.0s
[28/129] fastapi_13920 R@5=0.0 calls=5 tools=4 stop=budget 62.0s
[29/129] fastapi_14794 R@5=1.0 calls=0 tools=0 stop=done 0.0s
[30/129] fastapi_14786 R@5=1.0 calls=1 tools=0 stop=final 16.8s
[32/129] fastapi_14479 R@5=1.0 calls=0 tools=0 stop=done 0.0s
[33/129] fastapi_14463 R@5=0.0 calls=0 tools=0 stop=done 0.0s
[34/129] fastapi_12942 R@5=0.0 calls=1 tools=0 stop=final 25.0s
[35/129] fastapi_14099 R@5=0.6666666666666666 calls=0 tools=0 stop=done 0.0s
[36/129] fastapi_14609 R@5=0.0 calls=0 tools=0 stop=done 0.0s
[37/129] fastapi_14372 R@5=0.6666666666666666 calls=0 tools=0 stop=done 0.0s
[38/129] fastapi_14349 R@5=0.0 calls=5 tools=4 stop=budget 39.8s
[39/129] fastapi_14512 R@5=0.0 calls=0 tools=0 stop=done 0.0s
